{
'project:custom/commentedOutCode.properties':[
74,
75,
78,
79,
],
'project:custom/todo.properties':[
2,
5,
8,
11,
14,
],
}
