{
'project:custom/duplicatedValues.properties':[
19,
20,
],
'project:custom/duplicatedValuesCustom1.properties':[
15,
16,
],
'project:custom/duplicatedValuesCustom2.properties':[
14,
15,
],
'project:custom/emptyElement.properties':[
5,
8,
],
'project:custom/separatorConventionColon.properties':[
20,
23,
],
'project:custom/separatorConventionEquals.properties':[
15,
16,
],
}
