{
'project:custom/tooManyKeys50.properties':[
0,
],
}
