{
'project:custom/duplicatedKeysUTF8WithBOM.properties':[
0,
],
'project:custom/no-properties/noProperties.properties':[
0,
],
'project:custom/noNewLineEndOfFile.properties':[
0,
],
}
