{
'project:custom/commentedOutCode.properties':[
1,
],
'project:custom/duplicatedKeys.properties':[
2,
],
'project:custom/duplicatedValues.properties':[
4,
12,
],
'project:custom/duplicatedValuesCustom1.properties':[
4,
12,
],
'project:custom/duplicatedValuesCustom2.properties':[
3,
11,
],
'project:custom/emptyElement.properties':[
1,
],
'project:custom/indentation/indentation.properties':[
1,
],
'project:custom/indentation/indentationIssueFirstLine.properties':[
1,
],
'project:custom/indentation/indentationUTF8WithBOM.properties':[
1,
],
'project:custom/indentation/indentationUTF8WithBOMIssueFirstLine.properties':[
1,
],
'project:custom/keyNamingConvention.properties':[
1,
7,
],
'project:custom/keyNamingConventionCustom.properties':[
2,
13,
],
'project:custom/missing-translations/abc.properties':[
1,
],
'project:custom/missing-translations/message.properties':[
1,
],
'project:custom/missing-translations/message_en.properties':[
1,
],
'project:custom/missing-translations/message_fr.properties':[
1,
],
'project:custom/missing-translations/message_fr_FR.properties':[
1,
],
'project:custom/separatorConventionColon.properties':[
1,
],
'project:custom/separatorConventionEquals.properties':[
1,
],
'project:custom/tabCharacter.properties':[
1,
],
'project:custom/tooManyKeys30.properties':[
2,
],
'project:custom/tooManyKeys50.properties':[
1,
],
}
