{
'project:custom/file-name/file_name.ko.properties':[
0,
],
'project:custom/file-name/file_name.kocustom.properties':[
0,
],
'project:custom/file-name/file_name.ok.properties':[
0,
],
}
