{
'project:custom/comment-convention/commentsExclamationMarkMissingWhitespace.properties':[
0,
],
'project:custom/comment-convention/commentsHashMissingWhitespace.properties':[
0,
],
'project:custom/fixme.properties':[
0,
],
'project:custom/no-properties/noProperties.properties':[
0,
],
'project:custom/todo.properties':[
0,
],
}
