{
'project:custom/duplicatedKeys.properties':[
12,
13,
],
'project:custom/duplicatedValues.properties':[
29,
30,
],
'project:custom/duplicatedValuesCustom1.properties':[
28,
29,
],
'project:custom/duplicatedValuesCustom2.properties':[
27,
28,
],
'project:custom/hardCodedCredentials.properties':[
8,
],
'project:custom/keyNamingConvention.properties':[
6,
10,
13,
16,
],
'project:custom/keyNamingConventionCustom.properties':[
11,
14,
15,
16,
],
}
