{
'project:custom/duplicatedValues.properties':[
11,
],
'project:custom/duplicatedValuesCustom1.properties':[
11,
],
'project:custom/duplicatedValuesCustom2.properties':[
10,
],
'project:custom/tooManyKeys30.properties':[
1,
],
}
