{
'project:custom/bom/utf8.properties':[
1,
],
'project:custom/comment-convention/commentsExclamationMarkAndHash.properties':[
11,
],
'project:custom/cross-file-duplicated-keys/crossFileDuplicatedKeys1.properties':[
2,
3,
4,
],
'project:custom/duplicated-keys-across-files/keys.properties':[
1,
2,
],
'project:custom/duplicatedKeys.properties':[
6,
12,
],
'project:custom/duplicatedKeysUTF8WithBOM.properties':[
5,
],
'project:custom/duplicatedValues.properties':[
1,
4,
5,
7,
9,
12,
15,
19,
20,
22,
23,
26,
27,
29,
30,
32,
33,
],
'project:custom/emptyElement.properties':[
1,
2,
5,
8,
],
'project:custom/keyNamingConvention.properties':[
1,
2,
3,
6,
10,
13,
16,
18,
],
'project:custom/keyRegularExpression.properties':[
7,
8,
],
'project:custom/separatorConventionColon.properties':[
1,
2,
5,
9,
18,
20,
],
'project:custom/valueRegularExpression.properties':[
8,
9,
],
}
