{
'project:custom/commentedOutCode.properties':[
72,
73,
76,
77,
],
'project:custom/fixme.properties':[
2,
5,
8,
11,
14,
],
}
