{
'project:custom/parsingError.properties':[
3,
],
}
