{
'project:custom/commentedOutCode.properties':[
1,
],
'project:custom/duplicatedKeys.properties':[
2,
6,
12,
],
'project:custom/duplicatedKeysUTF8WithBOM.properties':[
1,
],
'project:custom/duplicatedValuesCustom1.properties':[
33,
],
'project:custom/lineLength.properties':[
1,
],
'project:custom/separatorConventionColon.properties':[
9,
20,
],
'project:custom/separatorConventionEquals.properties':[
15,
],
'project:custom/tooManyKeys30.properties':[
2,
],
'project:custom/tooManyKeys50.properties':[
1,
],
'project:custom/valueRegularExpression.properties':[
2,
],
}
