{
'project:custom/tabCharacter.properties':[
0,
],
}
