{
'project:custom/emptyElement.properties':[
2,
8,
10,
],
'project:custom/indentation/indentation.properties':[
13,
13,
14,
14,
],
'project:custom/indentation/indentationIssueFirstLine.properties':[
8,
8,
9,
9,
],
'project:custom/indentation/indentationUTF8WithBOM.properties':[
7,
7,
8,
8,
],
'project:custom/indentation/indentationUTF8WithBOMIssueFirstLine.properties':[
8,
8,
9,
9,
],
'project:custom/separatorConventionColon.properties':[
1,
2,
9,
9,
12,
12,
15,
18,
20,
],
'project:custom/separatorConventionEquals.properties':[
5,
8,
11,
15,
],
}
