{
'project:custom/comment-convention/commentsExclamationMarkAndHash.properties':[
2,
4,
],
'project:custom/comment-convention/commentsExclamationMarkMissingWhitespace.properties':[
3,
],
'project:custom/comment-convention/commentsExclamationMarkOnly.properties':[
1,
],
'project:custom/comment-convention/commentsHashAndExclamationMark.properties':[
1,
4,
],
'project:custom/comment-convention/commentsHashMissingWhitespace.properties':[
3,
],
'project:custom/comment-convention/commentsHashOnly.properties':[
1,
],
'project:custom/commentedOutCode.properties':[
5,
9,
13,
17,
],
'project:custom/indentation/indentation.properties':[
4,
7,
10,
13,
17,
20,
],
'project:custom/indentation/indentationIssueFirstLine.properties':[
1,
5,
8,
],
'project:custom/indentation/indentationUTF8WithBOM.properties':[
4,
7,
],
'project:custom/indentation/indentationUTF8WithBOMIssueFirstLine.properties':[
1,
5,
8,
],
'project:custom/keyNamingConvention.properties':[
13,
],
'project:custom/keyRegularExpression.properties':[
5,
],
'project:custom/lineLength.properties':[
3,
4,
],
'project:custom/separatorConventionColon.properties':[
2,
5,
9,
12,
15,
18,
],
'project:custom/separatorConventionEquals.properties':[
2,
5,
8,
11,
],
'project:custom/tabCharacter.properties':[
2,
],
}
