{
'project:custom/bom/utf8WithBOM.properties':[
0,
],
'project:custom/duplicatedKeysUTF8WithBOM.properties':[
0,
],
'project:custom/indentation/indentationUTF8WithBOM.properties':[
0,
],
'project:custom/indentation/indentationUTF8WithBOMIssueFirstLine.properties':[
0,
],
}
