{
'project:custom/sonarscanner/deprecatedProperties.properties':[
4,
7,
10,
13,
16,
],
}
